// Jest Snapshot v1, https://goo.gl/fbAQLP

exports[`Header component Test matches Header snapshot 1`] = `
<nav
  className="border border-bottom-3 navbar navbar-expand-lg navbar-light bg-white"
>
  <div
    className="p-3 bg-white container"
  >
    <a
      aria-current="page"
      className="h2 text-decoration-none text-dark me-5 fw-bold d-flex active"
      href="/"
      onClick={[Function]}
      style={Object {}}
    >
      <img
        alt="logo"
        className="logo"
        src="logo.png"
      />
      Space Traveler's Hub
    </a>
    <button
      aria-controls="basic-navbar-nav"
      aria-label="Toggle navigation"
      className="navbar-toggler collapsed"
      onClick={[Function]}
      type="button"
    >
      <span
        className="navbar-toggler-icon"
      />
    </button>
    <div
      aria-expanded={null}
      className="navbar-collapse collapse"
      id="basic-navbar-nav"
    >
      <div
        className="ms-lg-auto m-2 my-lg-0 navbar-nav navbar-nav-scroll"
        onKeyDown={[Function]}
      >
        <a
          aria-current="page"
          className="h5 me-4 link text-decoration-none link-active"
          href="/"
          onClick={[Function]}
          style={Object {}}
        >
          Rockets
        </a>
        <a
          aria-current={null}
          className="h5 me-4 link text-decoration-none"
          href="/missions"
          onClick={[Function]}
        >
          Missions
        </a>
        <a
          aria-current={null}
          className="h5 me-4 link text-decoration-none"
          href="/profile"
          onClick={[Function]}
        >
          My Profile
        </a>
      </div>
    </div>
  </div>
</nav>
`;

exports[`Header component Test matches Header snapshot 2`] = `
<nav
  className="border border-bottom-3 navbar navbar-expand-lg navbar-light bg-white"
>
  <div
    className="p-3 bg-white container"
  >
    <a
      aria-current="page"
      className="h2 text-decoration-none text-dark me-5 fw-bold d-flex active"
      href="/"
      onClick={[Function]}
      style={Object {}}
    >
      <img
        alt="logo"
        className="logo"
        src="logo.png"
      />
      Space Traveler's Hub
    </a>
    <button
      aria-controls="basic-navbar-nav"
      aria-label="Toggle navigation"
      className="navbar-toggler collapsed"
      onClick={[Function]}
      type="button"
    >
      <span
        className="navbar-toggler-icon"
      />
    </button>
    <div
      aria-expanded={null}
      className="navbar-collapse collapse"
      id="basic-navbar-nav"
    >
      <div
        className="ms-lg-auto m-2 my-lg-0 navbar-nav navbar-nav-scroll"
        onKeyDown={[Function]}
      >
        <a
          aria-current="page"
          className="h5 me-4 link text-decoration-none link-active"
          href="/"
          onClick={[Function]}
          style={Object {}}
        >
          Rockets
        </a>
        <a
          aria-current={null}
          className="h5 me-4 link text-decoration-none"
          href="/missions"
          onClick={[Function]}
        >
          Missions
        </a>
        <a
          aria-current={null}
          className="h5 me-4 link text-decoration-none"
          href="/profile"
          onClick={[Function]}
        >
          My Profile
        </a>
      </div>
    </div>
  </div>
</nav>
`;

exports[`Header component Test matches rockets snapshot 1`] = `
<nav
  className="border border-bottom-3 navbar navbar-expand-lg navbar-light bg-white"
>
  <div
    className="p-3 bg-white container"
  >
    <a
      aria-current="page"
      className="h2 text-decoration-none text-dark me-5 fw-bold d-flex active"
      href="/"
      onClick={[Function]}
      style={Object {}}
    >
      <img
        alt="logo"
        className="logo"
        src="logo.png"
      />
      Space Traveler's Hub
    </a>
    <button
      aria-controls="basic-navbar-nav"
      aria-label="Toggle navigation"
      className="navbar-toggler collapsed"
      onClick={[Function]}
      type="button"
    >
      <span
        className="navbar-toggler-icon"
      />
    </button>
    <div
      aria-expanded={null}
      className="navbar-collapse collapse"
      id="basic-navbar-nav"
    >
      <div
        className="ms-lg-auto m-2 my-lg-0 navbar-nav navbar-nav-scroll"
        onKeyDown={[Function]}
      >
        <a
          aria-current="page"
          className="h5 me-4 link text-decoration-none link-active"
          href="/"
          onClick={[Function]}
          style={Object {}}
        >
          Rockets
        </a>
        <a
          aria-current={null}
          className="h5 me-4 link text-decoration-none"
          href="/missions"
          onClick={[Function]}
        >
          Missions
        </a>
        <a
          aria-current={null}
          className="h5 me-4 link text-decoration-none"
          href="/profile"
          onClick={[Function]}
        >
          My Profile
        </a>
      </div>
    </div>
  </div>
</nav>
`;

exports[`Header component Test rockets Header snapshot 1`] = `
<nav
  className="border border-bottom-3 navbar navbar-expand-lg navbar-light bg-white"
>
  <div
    className="p-3 bg-white container"
  >
    <a
      aria-current="page"
      className="h2 text-decoration-none text-dark me-5 fw-bold d-flex active"
      href="/"
      onClick={[Function]}
      style={Object {}}
    >
      <img
        alt="logo"
        className="logo"
        src="logo.png"
      />
      Space Traveler's Hub
    </a>
    <button
      aria-controls="basic-navbar-nav"
      aria-label="Toggle navigation"
      className="navbar-toggler collapsed"
      onClick={[Function]}
      type="button"
    >
      <span
        className="navbar-toggler-icon"
      />
    </button>
    <div
      aria-expanded={null}
      className="navbar-collapse collapse"
      id="basic-navbar-nav"
    >
      <div
        className="ms-lg-auto m-2 my-lg-0 navbar-nav navbar-nav-scroll"
        onKeyDown={[Function]}
      >
        <a
          aria-current="page"
          className="h5 me-4 link text-decoration-none link-active"
          href="/"
          onClick={[Function]}
          style={Object {}}
        >
          Rockets
        </a>
        <a
          aria-current={null}
          className="h5 me-4 link text-decoration-none"
          href="/missions"
          onClick={[Function]}
        >
          Missions
        </a>
        <a
          aria-current={null}
          className="h5 me-4 link text-decoration-none"
          href="/profile"
          onClick={[Function]}
        >
          My Profile
        </a>
      </div>
    </div>
  </div>
</nav>
`;

exports[`Header component Test rockets snapshot 1`] = `
<nav
  className="border border-bottom-3 navbar navbar-expand-lg navbar-light bg-white"
>
  <div
    className="p-3 bg-white container"
  >
    <a
      aria-current="page"
      className="h2 text-decoration-none text-dark me-5 fw-bold d-flex active"
      href="/"
      onClick={[Function]}
      style={Object {}}
    >
      <img
        alt="logo"
        className="logo"
        src="logo.png"
      />
      Space Traveler's Hub
    </a>
    <button
      aria-controls="basic-navbar-nav"
      aria-label="Toggle navigation"
      className="navbar-toggler collapsed"
      onClick={[Function]}
      type="button"
    >
      <span
        className="navbar-toggler-icon"
      />
    </button>
    <div
      aria-expanded={null}
      className="navbar-collapse collapse"
      id="basic-navbar-nav"
    >
      <div
        className="ms-lg-auto m-2 my-lg-0 navbar-nav navbar-nav-scroll"
        onKeyDown={[Function]}
      >
        <a
          aria-current="page"
          className="h5 me-4 link text-decoration-none link-active"
          href="/"
          onClick={[Function]}
          style={Object {}}
        >
          Rockets
        </a>
        <a
          aria-current={null}
          className="h5 me-4 link text-decoration-none"
          href="/missions"
          onClick={[Function]}
        >
          Missions
        </a>
        <a
          aria-current={null}
          className="h5 me-4 link text-decoration-none"
          href="/profile"
          onClick={[Function]}
        >
          My Profile
        </a>
      </div>
    </div>
  </div>
</nav>
`;
